// Jest Snapshot v1, https://goo.gl/fbAQLP

exports[`AllOrders should be called with 1`] = `
Object {
  "asFragment": [Function],
  "baseElement": <body>
    <div>
      <div
        class="allOrders"
      >
        <p
          class="basket-item"
        >
          ALL ORDERS
        </p>
        <p
          class="basket-item"
        >
          Past Orders(
          1
          )
        </p>
        <div
          class="eachOrder"
        >
          <div
            class="order-details-container"
          >
            <div
              class="upper-container-order-details"
            >
              <table>
                <tbody>
                  <tr
                    class="order-items-header"
                  >
                    <td>
                      ORDER
                    </td>
                    <td>
                      ITEMS 
                    </td>
                    <td>
                      DATE
                    </td>
                    <td>
                      AMOUNT
                    </td>
                  </tr>
                  <tr>
                    <td>
                      Order id:
                      1
                    </td>
                    <td>
                      1
                       
                      items
                    </td>
                    <td>
                      Sun Mar 07 2021
                    </td>
                    <td>
                      700
                    </td>
                  </tr>
                </tbody>
              </table>
            </div>
          </div>
          <div
            class="container"
          >
            <div
              class="upper-container"
            >
              <table>
                <tbody>
                  <tr
                    class="orderitems-header"
                  >
                    <td>
                      ITEM DESCRIPTION
                    </td>
                    <td />
                    <td>
                      UNIT PRICE 
                    </td>
                    <td>
                      QUANTITY
                    </td>
                    <td>
                      SUBTOTAL
                    </td>
                  </tr>
                  <tr
                    class="item-category"
                  >
                    <td>
                      Fruits & Vegatables
                    </td>
                    <td />
                    <td />
                    <td />
                    <td />
                  </tr>
                  <tr
                    class="item-details"
                  >
                    <td>
                      apple
                    </td>
                    <td />
                    <td>
                      Rs.
                      120
                    </td>
                    <td>
                      1
                    </td>
                    <td>
                      Rs.
                      120
                    </td>
                  </tr>
                </tbody>
              </table>
            </div>
          </div>
          <p />
        </div>
      </div>
    </div>
  </body>,
  "container": <div>
    <div
      class="allOrders"
    >
      <p
        class="basket-item"
      >
        ALL ORDERS
      </p>
      <p
        class="basket-item"
      >
        Past Orders(
        1
        )
      </p>
      <div
        class="eachOrder"
      >
        <div
          class="order-details-container"
        >
          <div
            class="upper-container-order-details"
          >
            <table>
              <tbody>
                <tr
                  class="order-items-header"
                >
                  <td>
                    ORDER
                  </td>
                  <td>
                    ITEMS 
                  </td>
                  <td>
                    DATE
                  </td>
                  <td>
                    AMOUNT
                  </td>
                </tr>
                <tr>
                  <td>
                    Order id:
                    1
                  </td>
                  <td>
                    1
                     
                    items
                  </td>
                  <td>
                    Sun Mar 07 2021
                  </td>
                  <td>
                    700
                  </td>
                </tr>
              </tbody>
            </table>
          </div>
        </div>
        <div
          class="container"
        >
          <div
            class="upper-container"
          >
            <table>
              <tbody>
                <tr
                  class="orderitems-header"
                >
                  <td>
                    ITEM DESCRIPTION
                  </td>
                  <td />
                  <td>
                    UNIT PRICE 
                  </td>
                  <td>
                    QUANTITY
                  </td>
                  <td>
                    SUBTOTAL
                  </td>
                </tr>
                <tr
                  class="item-category"
                >
                  <td>
                    Fruits & Vegatables
                  </td>
                  <td />
                  <td />
                  <td />
                  <td />
                </tr>
                <tr
                  class="item-details"
                >
                  <td>
                    apple
                  </td>
                  <td />
                  <td>
                    Rs.
                    120
                  </td>
                  <td>
                    1
                  </td>
                  <td>
                    Rs.
                    120
                  </td>
                </tr>
              </tbody>
            </table>
          </div>
        </div>
        <p />
      </div>
    </div>
  </div>,
  "debug": [Function],
  "findAllByAltText": [Function],
  "findAllByDisplayValue": [Function],
  "findAllByLabelText": [Function],
  "findAllByPlaceholderText": [Function],
  "findAllByRole": [Function],
  "findAllByTestId": [Function],
  "findAllByText": [Function],
  "findAllByTitle": [Function],
  "findByAltText": [Function],
  "findByDisplayValue": [Function],
  "findByLabelText": [Function],
  "findByPlaceholderText": [Function],
  "findByRole": [Function],
  "findByTestId": [Function],
  "findByText": [Function],
  "findByTitle": [Function],
  "getAllByAltText": [Function],
  "getAllByDisplayValue": [Function],
  "getAllByLabelText": [Function],
  "getAllByPlaceholderText": [Function],
  "getAllByRole": [Function],
  "getAllByTestId": [Function],
  "getAllByText": [Function],
  "getAllByTitle": [Function],
  "getByAltText": [Function],
  "getByDisplayValue": [Function],
  "getByLabelText": [Function],
  "getByPlaceholderText": [Function],
  "getByRole": [Function],
  "getByTestId": [Function],
  "getByText": [Function],
  "getByTitle": [Function],
  "queryAllByAltText": [Function],
  "queryAllByDisplayValue": [Function],
  "queryAllByLabelText": [Function],
  "queryAllByPlaceholderText": [Function],
  "queryAllByRole": [Function],
  "queryAllByTestId": [Function],
  "queryAllByText": [Function],
  "queryAllByTitle": [Function],
  "queryByAltText": [Function],
  "queryByDisplayValue": [Function],
  "queryByLabelText": [Function],
  "queryByPlaceholderText": [Function],
  "queryByRole": [Function],
  "queryByTestId": [Function],
  "queryByText": [Function],
  "queryByTitle": [Function],
  "rerender": [Function],
  "unmount": [Function],
}
`;
